<h2>Ola, mundo</h2>
<h1>Hallo,  Welt</h1>
<p>I'm global: </p>
<p>Me too: </p>
<p>And I'm embedded global: </p>
<p>I'm local and this template is called: globalJsonGlobbedTemplate</p>super helper!
<div>foo partial</div>
<h2>Alo, mundo</h2>
<div>foo partial</div>
<div> full paths!!!</div>
<h1>hola, mundo</h1>