<header>INLINE HEADER</header><h1>Hello, World</h1>
