<h1>Hello, World</h1>
<footer>INLINE FOOTER</footer>