<p>I'm global: Written by Mr. HelloWorld</p>
<p>Me too: Hello from textspec.json</p>
<p>And I'm embedded global: P.S. from Gruntfile.js</p>
<p>I'm local and this template is called: globalJsonGlobbedTemplate</p>