{
   "hälsning": "Hej",
   "skiljetecken": ",",
   "läge": "Världen"
}
